<Level>
    <EditorSession>
        <Performance CamClipPlanes="0.05 1000" LightsActive="true" PSActive="true" ShowFog="true" ShowSkybox="true" WorldReflection="true" />
        <ViewportConfig BGColor="0.2 0.2 0.2 1" GAmbientLight="true" GPointLight="true" GridSnap="true" GridSnapSeparation="0.25" SelectedViewport="3" UsingEnlargedViewport="true">
            <Viewport CameraPosition="0 0 180" CameraTarget="0 0 0" CameraZoom="0" GridHeight="0" GridPlane="2" Preset="0" RenderMode="1" ShowAxes="true" ShowGrid="true" UsingLTCam="true" />
            <Viewport CameraPosition="180 0 0" CameraTarget="0 0 0" CameraZoom="0" GridHeight="10.8734" GridPlane="0" Preset="1" RenderMode="1" ShowAxes="true" ShowGrid="true" UsingLTCam="true" />
            <Viewport CameraPosition="0 180 0" CameraTarget="0 0 0" CameraZoom="0" GridHeight="0" GridPlane="1" Preset="2" RenderMode="1" ShowAxes="true" ShowGrid="true" UsingLTCam="true" />
            <Viewport CameraPosition="-5.32459 2.39832 3.32103" CameraTarget="-5.24081 1.96911 0.49156" CameraZoom="2.86013" GridHeight="0" GridPlane="1" Preset="3" RenderMode="0" ShowAxes="true" ShowGrid="true" UsingLTCam="false" />
        </ViewportConfig>
        <Groups>
            <Group ID="0" Name="None" Visible="true" />
        </Groups>
    </EditorSession>
    <MapData FogActive="false" FogColor="1 1 1 1" FogCulling="true" FogEnd="20" FogFalloffExp="1" FogStart="0" GlobalDecalMaxTris="300" Name="" SkyBoxActive="false" SkyBoxColor="1 1 1 1" SkyBoxTexture="">
        <MapContents>
            <FileIndex_StaticObjects NumOfFiles="1">
                <File Id="0" Path="static_objects/mansionbase/wall/default02.dae" />
            </FileIndex_StaticObjects>
            <FileIndex_Entities NumOfFiles="1">
                <File Id="0" Path="entities/item/note_paper01/note_paper01.ent" />
            </FileIndex_Entities>
            <FileIndex_Decals NumOfFiles="0" />
            <StaticObjects>
                <StaticObject CastShadows="true" Collides="true" FileIndex="0" Group="0" ID="3" Name="wall_default02_1" Rotation="3.14159 -1.5708 3.14159" Scale="1 1 1" Tag="" WorldPos="-4 0 1.5" />
                <StaticObject CastShadows="true" Collides="true" FileIndex="0" Group="0" ID="4" Name="wall_default02_2" Rotation="0 -3.49691e-007 0" Scale="1 1 1" Tag="" WorldPos="-5.25 0 -0.5" />
                <StaticObject CastShadows="true" Collides="true" FileIndex="0" Group="0" ID="5" Name="wall_default02_3" Rotation="0 1.5708 0" Scale="1 1 1" Tag="" WorldPos="-6.75 0 1.5" />
                <StaticObject CastShadows="true" Collides="true" FileIndex="0" Group="0" ID="6" Name="wall_default02_4" Rotation="3.14159 2.38498e-008 3.14159" Scale="1 1 1" Tag="" WorldPos="-5.5 0 3.25" />
            </StaticObjects>
            <Primitives>
                <Plane Active="true" AlignToWorldCoords="false" CastShadows="false" Collides="true" Corner1UV="0 4.25" Corner2UV="0 0" Corner3UV="16 0" Corner4UV="16 4.25" EndCorner="16 0 4.25" Group="0" ID="0" Material="C:/Program Files (x86)/Amnesia - The Dark Descent/redist/static_objects/cellarbase/floor/cellarbase_wood_floor.mat" Name="Plane" Rotation="0 0 0" Scale="1 1 1" StartCorner="0 0 0" Tag="" TextureAngle="0" TileAmount="1 1 1" TileOffset="0 0 0" WorldPos="-6.75 0 -0.75" />
                <Plane Active="true" AlignToWorldCoords="false" CastShadows="false" Collides="true" Corner1UV="0 4.75" Corner2UV="0 0" Corner3UV="6 0" Corner4UV="6 4.75" EndCorner="6 0 4.75" Group="0" ID="7" Material="C:/Program Files (x86)/Amnesia - The Dark Descent/redist/static_objects/castlebase/castlebase_ceiling_worn.mat" Name="Plane" Rotation="0 0 -3.14159" Scale="1 1 1" StartCorner="0 0 0" Tag="" TextureAngle="0" TileAmount="1 1 1" TileOffset="0 0 0" WorldPos="-2.5 4 -1" />
            </Primitives>
            <Decals />
            <Entities>
                <Area Active="true" AreaType="PlayerStart" Group="0" ID="1" Mesh="" Name="PlayerStartArea_1" Rotation="0 1.57079 0" Scale="1 1 1" Tag="" WorldPos="-5.25 0.5 1.75">
                    <UserVariables />
                </Area>
                <Entity Active="true" FileIndex="0" Group="0" ID="8" Name="note_paper01_1" Rotation="0 0 0" Scale="1 1 1" Tag="" WorldPos="-5.32086 0 0.486219">
                    <UserVariables>
                        <Var Name="CastShadows" Value="true" />
                        <Var Name="StaticPhysics" Value="false" />
                        <Var Name="IsAffectedByDecal" Value="false" />
                        <Var Name="CallbackFunc" Value="" />
                        <Var Name="ConnectedProps" Value="" />
                        <Var Name="ConnectionStateChangeCallback" Value="" />
                        <Var Name="FullGameSave" Value="false" />
                        <Var Name="PlayerLookAtCallback" Value="" />
                        <Var Name="PlayerLookAtCallbackAutoRemove" Value="false" />
                        <Var Name="PlayerInteractCallback" Value="" />
                        <Var Name="PlayerInteractCallbackAutoRemove" Value="false" />
                        <Var Name="CustomSubItemTypeName" Value="noteextra" />
                        <Var Name="NoteText" Value="noteextra" />
                        <Var Name="OpenNoteInJournal" Value="true" />
                        <Var Name="UseNarration" Value="false" />
                    </UserVariables>
                </Entity>
            </Entities>
            <Misc />
            <StaticObjectCombos />
        </MapContents>
    </MapData>
</Level>
